Query: DELETE FROM `youtunes`.`Songs` WHERE 'Songs'.'vID'=uxVB7gvqWkkQuery: DELETE FROM `youtunes`.`Songs` WHERE 'Songs'.'vID'=uxVB7gvqWkk